Measure-Object : Cannot compare "Microsoft.PowerShell.Commands.GetCounter.PerformanceCounterSample" because it is not 
IComparable.
At C:\Projects\strix-alloy-clean\artifacts\benchmarks\runs\repro-20260921\run-sessions-20260921.ps1:35 char:31
+     $v = ($c.CounterSamples | Measure-Object -Maximum).Maximum
+                               ~~~~~~~~~~~~~~~~~~~~~~~
    + CategoryInfo          : InvalidArgument: (:) [Measure-Object], PSArgumentException
    + FullyQualifiedErrorId : Argument,Microsoft.PowerShell.Commands.MeasureObjectCommand
 
Measure-Object : Cannot compare "Microsoft.PowerShell.Commands.GetCounter.PerformanceCounterSample" because it is not 
IComparable.
At C:\Projects\strix-alloy-clean\artifacts\benchmarks\runs\repro-20260921\run-sessions-20260921.ps1:35 char:31
+     $v = ($c.CounterSamples | Measure-Object -Maximum).Maximum
+                               ~~~~~~~~~~~~~~~~~~~~~~~
    + CategoryInfo          : InvalidArgument: (:) [Measure-Object], PSArgumentException
    + FullyQualifiedErrorId : Argument,Microsoft.PowerShell.Commands.MeasureObjectCommand
 
Measure-Object : Cannot compare "Microsoft.PowerShell.Commands.GetCounter.PerformanceCounterSample" because it is not 
IComparable.
At C:\Projects\strix-alloy-clean\artifacts\benchmarks\runs\repro-20260921\run-sessions-20260921.ps1:35 char:31
+     $v = ($c.CounterSamples | Measure-Object -Maximum).Maximum
+                               ~~~~~~~~~~~~~~~~~~~~~~~
    + CategoryInfo          : InvalidArgument: (:) [Measure-Object], PSArgumentException
    + FullyQualifiedErrorId : Argument,Microsoft.PowerShell.Commands.MeasureObjectCommand
 
Measure-Object : Cannot compare "Microsoft.PowerShell.Commands.GetCounter.PerformanceCounterSample" because it is not 
IComparable.
At C:\Projects\strix-alloy-clean\artifacts\benchmarks\runs\repro-20260921\run-sessions-20260921.ps1:35 char:31
+     $v = ($c.CounterSamples | Measure-Object -Maximum).Maximum
+                               ~~~~~~~~~~~~~~~~~~~~~~~
    + CategoryInfo          : InvalidArgument: (:) [Measure-Object], PSArgumentException
    + FullyQualifiedErrorId : Argument,Microsoft.PowerShell.Commands.MeasureObjectCommand
 
Cannot convert value "ERR" to type "System.Int32". Error: "Input string was not in a correct format."
At C:\Projects\strix-alloy-clean\artifacts\benchmarks\runs\repro-20260921\run-sessions-20260921.ps1:86 char:38
+     $toks = ($res | ForEach-Object { [int]($_.Split('|')[1]) } | Meas ...
+                                      ~~~~~~~~~~~~~~~~~~~~~~~
    + CategoryInfo          : InvalidArgument: (:) [], RuntimeException
    + FullyQualifiedErrorId : InvalidCastFromStringToInteger
 
Cannot convert value "ERR" to type "System.Int32". Error: "Input string was not in a correct format."
At C:\Projects\strix-alloy-clean\artifacts\benchmarks\runs\repro-20260921\run-sessions-20260921.ps1:86 char:38
+     $toks = ($res | ForEach-Object { [int]($_.Split('|')[1]) } | Meas ...
+                                      ~~~~~~~~~~~~~~~~~~~~~~~
    + CategoryInfo          : InvalidArgument: (:) [], RuntimeException
    + FullyQualifiedErrorId : InvalidCastFromStringToInteger
 
Cannot convert value "Unable to connect to the remote server" to type "System.Double". Error: "Input string was not in 
a correct format."
At C:\Projects\strix-alloy-clean\artifacts\benchmarks\runs\repro-20260921\run-sessions-20260921.ps1:87 char:39
+ ...  $walls = ($res | ForEach-Object { [double]($_.Split('|')[3]) } | Mea ...
+                                        ~~~~~~~~~~~~~~~~~~~~~~~~~~
    + CategoryInfo          : InvalidArgument: (:) [], RuntimeException
    + FullyQualifiedErrorId : InvalidCastFromStringToDoubleOrSingle
 
Cannot convert value "Unable to connect to the remote server" to type "System.Double". Error: "Input string was not in 
a correct format."
At C:\Projects\strix-alloy-clean\artifacts\benchmarks\runs\repro-20260921\run-sessions-20260921.ps1:87 char:39
+ ...  $walls = ($res | ForEach-Object { [double]($_.Split('|')[3]) } | Mea ...
+                                        ~~~~~~~~~~~~~~~~~~~~~~~~~~
    + CategoryInfo          : InvalidArgument: (:) [], RuntimeException
    + FullyQualifiedErrorId : InvalidCastFromStringToDoubleOrSingle
 
Measure-Object : Cannot compare "Microsoft.PowerShell.Commands.GetCounter.PerformanceCounterSample" because it is not 
IComparable.
At C:\Projects\strix-alloy-clean\artifacts\benchmarks\runs\repro-20260921\run-sessions-20260921.ps1:35 char:31
+     $v = ($c.CounterSamples | Measure-Object -Maximum).Maximum
+                               ~~~~~~~~~~~~~~~~~~~~~~~
    + CategoryInfo          : InvalidArgument: (:) [Measure-Object], PSArgumentException
    + FullyQualifiedErrorId : Argument,Microsoft.PowerShell.Commands.MeasureObjectCommand
 
Measure-Object : Cannot compare "Microsoft.PowerShell.Commands.GetCounter.PerformanceCounterSample" because it is not 
IComparable.
At C:\Projects\strix-alloy-clean\artifacts\benchmarks\runs\repro-20260921\run-sessions-20260921.ps1:35 char:31
+     $v = ($c.CounterSamples | Measure-Object -Maximum).Maximum
+                               ~~~~~~~~~~~~~~~~~~~~~~~
    + CategoryInfo          : InvalidArgument: (:) [Measure-Object], PSArgumentException
    + FullyQualifiedErrorId : Argument,Microsoft.PowerShell.Commands.MeasureObjectCommand
 
Measure-Object : Cannot compare "Microsoft.PowerShell.Commands.GetCounter.PerformanceCounterSample" because it is not 
IComparable.
At C:\Projects\strix-alloy-clean\artifacts\benchmarks\runs\repro-20260921\run-sessions-20260921.ps1:35 char:31
+     $v = ($c.CounterSamples | Measure-Object -Maximum).Maximum
+                               ~~~~~~~~~~~~~~~~~~~~~~~
    + CategoryInfo          : InvalidArgument: (:) [Measure-Object], PSArgumentException
    + FullyQualifiedErrorId : Argument,Microsoft.PowerShell.Commands.MeasureObjectCommand
 
Measure-Object : Cannot compare "Microsoft.PowerShell.Commands.GetCounter.PerformanceCounterSample" because it is not 
IComparable.
At C:\Projects\strix-alloy-clean\artifacts\benchmarks\runs\repro-20260921\run-sessions-20260921.ps1:35 char:31
+     $v = ($c.CounterSamples | Measure-Object -Maximum).Maximum
+                               ~~~~~~~~~~~~~~~~~~~~~~~
    + CategoryInfo          : InvalidArgument: (:) [Measure-Object], PSArgumentException
    + FullyQualifiedErrorId : Argument,Microsoft.PowerShell.Commands.MeasureObjectCommand
 
Measure-Object : Cannot compare "Microsoft.PowerShell.Commands.GetCounter.PerformanceCounterSample" because it is not 
IComparable.
At C:\Projects\strix-alloy-clean\artifacts\benchmarks\runs\repro-20260921\run-sessions-20260921.ps1:35 char:31
+     $v = ($c.CounterSamples | Measure-Object -Maximum).Maximum
+                               ~~~~~~~~~~~~~~~~~~~~~~~
    + CategoryInfo          : InvalidArgument: (:) [Measure-Object], PSArgumentException
    + FullyQualifiedErrorId : Argument,Microsoft.PowerShell.Commands.MeasureObjectCommand
 
Measure-Object : Cannot compare "Microsoft.PowerShell.Commands.GetCounter.PerformanceCounterSample" because it is not 
IComparable.
At C:\Projects\strix-alloy-clean\artifacts\benchmarks\runs\repro-20260921\run-sessions-20260921.ps1:35 char:31
+     $v = ($c.CounterSamples | Measure-Object -Maximum).Maximum
+                               ~~~~~~~~~~~~~~~~~~~~~~~
    + CategoryInfo          : InvalidArgument: (:) [Measure-Object], PSArgumentException
    + FullyQualifiedErrorId : Argument,Microsoft.PowerShell.Commands.MeasureObjectCommand
 
