[22:00:16] D-depth-ladder start
[22:08:01] D-depth-ladder exit=0
[22:08:01] === np1-c262144 ===
[22:10:16]   slot-out: 1|23|3.54|0
[22:10:16]   aggregate: 23 tokens / 0 s = Infinity tok/s total, Infinity tok/s per session
[22:10:16]   gpu dedicated: idle=0 GB after-load, 0 GB after concurrent run
[22:10:24] === np2-c262144 ===
[22:13:46]   slot-out: 1|ERR|2.11|Unable to connect to the remote server
[22:13:46]   slot-out: 2|ERR|2.11|Unable to connect to the remote server
[22:13:46]   aggregate: 0 tokens /  s = NaN tok/s total, NaN tok/s per session
[22:13:46]   gpu dedicated: idle=0 GB after-load, 0 GB after concurrent run
[22:13:54] === np4-c262144 ===
[22:16:16]   slot-out: 1|23|7.96|0
[22:16:16]   slot-out: 2|23|7.86|0
[22:16:16]   slot-out: 3|23|7.78|0
[22:16:16]   slot-out: 4|23|8.27|0
[22:16:16]   aggregate: 92 tokens / 0 s = Infinity tok/s total, Infinity tok/s per session
[22:16:16]   gpu dedicated: idle=0 GB after-load, 0 GB after concurrent run
[22:16:24] === np8-c262144 ===
[22:19:06]   slot-out: 1|23|12.29|0
[22:19:06]   slot-out: 2|23|12.28|0
[22:19:06]   slot-out: 3|23|12.43|0
[22:19:06]   slot-out: 4|23|13.34|0
[22:19:06]   slot-out: 5|23|13.38|0
[22:19:06]   slot-out: 6|23|13.23|0
[22:19:06]   slot-out: 7|23|12.95|0
[22:19:06]   slot-out: 8|23|13.11|0
[22:19:06]   aggregate: 184 tokens / 0 s = Infinity tok/s total, Infinity tok/s per session
[22:19:06]   gpu dedicated: idle=0 GB after-load, 0 GB after concurrent run
[22:19:14] === np16-c262144 ===
[22:21:37]   slot-out: 1|23|18.51|0
[22:21:37]   slot-out: 2|23|18.18|0
[22:21:37]   slot-out: 3|23|18.44|0
[22:21:37]   slot-out: 4|23|19.94|0
[22:21:37]   slot-out: 5|23|19.45|0
[22:21:37]   slot-out: 6|23|19.35|0
[22:21:37]   slot-out: 7|23|19.62|0
[22:21:37]   slot-out: 8|23|19.52|0
[22:21:37]   slot-out: 9|23|18.97|0
[22:21:37]   slot-out: 10|23|19.29|0
[22:21:37]   slot-out: 11|23|18.8|0
[22:21:37]   slot-out: 12|23|19.28|0
[22:21:37]   slot-out: 13|23|18.99|0
[22:21:37]   slot-out: 14|23|18.91|0
[22:21:37]   slot-out: 15|23|16.27|0
[22:21:37]   slot-out: 16|23|16.27|0
[22:21:37]   aggregate: 368 tokens / 0 s = Infinity tok/s total, Infinity tok/s per session
[22:21:37]   gpu dedicated: idle=0 GB after-load, 0 GB after concurrent run
[22:21:45] === SESSION TESTS DONE ===
